../Core/Src/main.c:93:5:main	16	static
../Core/Src/main.c:162:6:SystemClock_Config	88	static
../Core/Src/main.c:208:13:MX_CRC_Init	8	static
../Core/Src/main.c:234:13:MX_DMA2D_Init	8	static
../Core/Src/main.c:271:13:MX_I2C3_Init	8	static
../Core/Src/main.c:319:13:MX_LTDC_Init	64	static
../Core/Src/main.c:381:13:MX_SPI5_Init	8	static
../Core/Src/main.c:419:13:MX_TIM1_Init	32	static
../Core/Src/main.c:465:13:MX_USART1_UART_Init	8	static
../Core/Src/main.c:494:13:MX_FMC_Init	40	static
../Core/Src/main.c:545:13:MX_GPIO_Init	64	static
../Core/Src/main.c:643:6:HAL_TIM_PeriodElapsedCallback	16	static
../Core/Src/main.c:661:6:Error_Handler	4	static,ignoring_inline_asm
